------------------------------------------------------------
Timing Analyzer Summary
------------------------------------------------------------

Type  : Slow 1100mV 85C Model Setup 'FPGA_CLK2_50'
Slack : 1.241
TNS   : 0.000

Type  : Slow 1100mV 85C Model Setup 'soc_system:soc_inst|soc_system_hps_0:hps_0|soc_system_hps_0_hps_io:hps_io|soc_system_hps_0_hps_io_border:border|hps_sdram:hps_sdram_inst|hps_sdram_pll:pll|afi_clk_write_clk'
Slack : 1.577
TNS   : 0.000

Type  : Slow 1100mV 85C Model Setup 'FPGA_CLK1_50'
Slack : 3.092
TNS   : 0.000

Type  : Slow 1100mV 85C Model Hold 'soc_system:soc_inst|soc_system_hps_0:hps_0|soc_system_hps_0_hps_io:hps_io|soc_system_hps_0_hps_io_border:border|hps_sdram:hps_sdram_inst|hps_sdram_pll:pll|afi_clk_write_clk'
Slack : 0.174
TNS   : 0.000

Type  : Slow 1100mV 85C Model Hold 'FPGA_CLK1_50'
Slack : 0.256
TNS   : 0.000

Type  : Slow 1100mV 85C Model Hold 'FPGA_CLK2_50'
Slack : 0.346
TNS   : 0.000

Type  : Slow 1100mV 85C Model Recovery 'soc_system:soc_inst|soc_system_hps_0:hps_0|soc_system_hps_0_hps_io:hps_io|soc_system_hps_0_hps_io_border:border|hps_sdram:hps_sdram_inst|hps_sdram_pll:pll|afi_clk_write_clk'
Slack : 3.036
TNS   : 0.000

Type  : Slow 1100mV 85C Model Recovery 'FPGA_CLK1_50'
Slack : 9.158
TNS   : 0.000

Type  : Slow 1100mV 85C Model Recovery 'FPGA_CLK2_50'
Slack : 12.772
TNS   : 0.000

Type  : Slow 1100mV 85C Model Removal 'soc_system:soc_inst|soc_system_hps_0:hps_0|soc_system_hps_0_hps_io:hps_io|soc_system_hps_0_hps_io_border:border|hps_sdram:hps_sdram_inst|hps_sdram_pll:pll|afi_clk_write_clk'
Slack : 0.574
TNS   : 0.000

Type  : Slow 1100mV 85C Model Removal 'FPGA_CLK1_50'
Slack : 0.687
TNS   : 0.000

Type  : Slow 1100mV 85C Model Removal 'FPGA_CLK2_50'
Slack : 1.617
TNS   : 0.000

Type  : Slow 1100mV 85C Model Minimum Pulse Width 'soc_system:soc_inst|soc_system_hps_0:hps_0|soc_system_hps_0_hps_io:hps_io|soc_system_hps_0_hps_io_border:border|hps_sdram:hps_sdram_inst|hps_sdram_pll:pll|pll_write_clk_dq_write_clk'
Slack : 0.523
TNS   : 0.000

Type  : Slow 1100mV 85C Model Minimum Pulse Width 'soc_system:soc_inst|soc_system_hps_0:hps_0|soc_system_hps_0_hps_io:hps_io|soc_system_hps_0_hps_io_border:border|hps_sdram:hps_sdram_inst|hps_sdram_pll:pll|afi_clk_write_clk'
Slack : 0.540
TNS   : 0.000

Type  : Slow 1100mV 85C Model Minimum Pulse Width 'FPGA_CLK2_50'
Slack : 8.791
TNS   : 0.000

Type  : Slow 1100mV 85C Model Minimum Pulse Width 'FPGA_CLK1_50'
Slack : 8.826
TNS   : 0.000

Type  : Slow 1100mV 85C Model Minimum Pulse Width 'hps_usb1_CLK'
Slack : 10.136
TNS   : 0.000

Type  : Slow 1100mV 85C Model Minimum Pulse Width 'hps_i2c0_SCL'
Slack : 499.731
TNS   : 0.000

Type  : Slow 1100mV 85C Model Minimum Pulse Width 'hps_i2c1_SCL'
Slack : 499.731
TNS   : 0.000

Type  : Slow 1100mV 0C Model Setup 'FPGA_CLK2_50'
Slack : 1.214
TNS   : 0.000

Type  : Slow 1100mV 0C Model Setup 'soc_system:soc_inst|soc_system_hps_0:hps_0|soc_system_hps_0_hps_io:hps_io|soc_system_hps_0_hps_io_border:border|hps_sdram:hps_sdram_inst|hps_sdram_pll:pll|afi_clk_write_clk'
Slack : 1.565
TNS   : 0.000

Type  : Slow 1100mV 0C Model Setup 'FPGA_CLK1_50'
Slack : 3.383
TNS   : 0.000

Type  : Slow 1100mV 0C Model Hold 'FPGA_CLK1_50'
Slack : 0.188
TNS   : 0.000

Type  : Slow 1100mV 0C Model Hold 'soc_system:soc_inst|soc_system_hps_0:hps_0|soc_system_hps_0_hps_io:hps_io|soc_system_hps_0_hps_io_border:border|hps_sdram:hps_sdram_inst|hps_sdram_pll:pll|afi_clk_write_clk'
Slack : 0.200
TNS   : 0.000

Type  : Slow 1100mV 0C Model Hold 'FPGA_CLK2_50'
Slack : 0.342
TNS   : 0.000

Type  : Slow 1100mV 0C Model Recovery 'soc_system:soc_inst|soc_system_hps_0:hps_0|soc_system_hps_0_hps_io:hps_io|soc_system_hps_0_hps_io_border:border|hps_sdram:hps_sdram_inst|hps_sdram_pll:pll|afi_clk_write_clk'
Slack : 3.128
TNS   : 0.000

Type  : Slow 1100mV 0C Model Recovery 'FPGA_CLK1_50'
Slack : 9.318
TNS   : 0.000

Type  : Slow 1100mV 0C Model Recovery 'FPGA_CLK2_50'
Slack : 13.299
TNS   : 0.000

Type  : Slow 1100mV 0C Model Removal 'soc_system:soc_inst|soc_system_hps_0:hps_0|soc_system_hps_0_hps_io:hps_io|soc_system_hps_0_hps_io_border:border|hps_sdram:hps_sdram_inst|hps_sdram_pll:pll|afi_clk_write_clk'
Slack : 0.569
TNS   : 0.000

Type  : Slow 1100mV 0C Model Removal 'FPGA_CLK1_50'
Slack : 0.638
TNS   : 0.000

Type  : Slow 1100mV 0C Model Removal 'FPGA_CLK2_50'
Slack : 1.292
TNS   : 0.000

Type  : Slow 1100mV 0C Model Minimum Pulse Width 'soc_system:soc_inst|soc_system_hps_0:hps_0|soc_system_hps_0_hps_io:hps_io|soc_system_hps_0_hps_io_border:border|hps_sdram:hps_sdram_inst|hps_sdram_pll:pll|pll_write_clk_dq_write_clk'
Slack : 0.527
TNS   : 0.000

Type  : Slow 1100mV 0C Model Minimum Pulse Width 'soc_system:soc_inst|soc_system_hps_0:hps_0|soc_system_hps_0_hps_io:hps_io|soc_system_hps_0_hps_io_border:border|hps_sdram:hps_sdram_inst|hps_sdram_pll:pll|afi_clk_write_clk'
Slack : 0.547
TNS   : 0.000

Type  : Slow 1100mV 0C Model Minimum Pulse Width 'FPGA_CLK2_50'
Slack : 8.762
TNS   : 0.000

Type  : Slow 1100mV 0C Model Minimum Pulse Width 'FPGA_CLK1_50'
Slack : 8.790
TNS   : 0.000

Type  : Slow 1100mV 0C Model Minimum Pulse Width 'hps_usb1_CLK'
Slack : 10.138
TNS   : 0.000

Type  : Slow 1100mV 0C Model Minimum Pulse Width 'hps_i2c0_SCL'
Slack : 499.741
TNS   : 0.000

Type  : Slow 1100mV 0C Model Minimum Pulse Width 'hps_i2c1_SCL'
Slack : 499.741
TNS   : 0.000

Type  : Fast 1100mV 85C Model Setup 'soc_system:soc_inst|soc_system_hps_0:hps_0|soc_system_hps_0_hps_io:hps_io|soc_system_hps_0_hps_io_border:border|hps_sdram:hps_sdram_inst|hps_sdram_pll:pll|afi_clk_write_clk'
Slack : 2.110
TNS   : 0.000

Type  : Fast 1100mV 85C Model Setup 'FPGA_CLK1_50'
Slack : 9.864
TNS   : 0.000

Type  : Fast 1100mV 85C Model Setup 'FPGA_CLK2_50'
Slack : 10.593
TNS   : 0.000

Type  : Fast 1100mV 85C Model Hold 'soc_system:soc_inst|soc_system_hps_0:hps_0|soc_system_hps_0_hps_io:hps_io|soc_system_hps_0_hps_io_border:border|hps_sdram:hps_sdram_inst|hps_sdram_pll:pll|afi_clk_write_clk'
Slack : 0.084
TNS   : 0.000

Type  : Fast 1100mV 85C Model Hold 'FPGA_CLK1_50'
Slack : 0.131
TNS   : 0.000

Type  : Fast 1100mV 85C Model Hold 'FPGA_CLK2_50'
Slack : 0.145
TNS   : 0.000

Type  : Fast 1100mV 85C Model Recovery 'soc_system:soc_inst|soc_system_hps_0:hps_0|soc_system_hps_0_hps_io:hps_io|soc_system_hps_0_hps_io_border:border|hps_sdram:hps_sdram_inst|hps_sdram_pll:pll|afi_clk_write_clk'
Slack : 3.727
TNS   : 0.000

Type  : Fast 1100mV 85C Model Recovery 'FPGA_CLK1_50'
Slack : 9.819
TNS   : 0.000

Type  : Fast 1100mV 85C Model Recovery 'FPGA_CLK2_50'
Slack : 14.695
TNS   : 0.000

Type  : Fast 1100mV 85C Model Removal 'FPGA_CLK1_50'
Slack : 0.291
TNS   : 0.000

Type  : Fast 1100mV 85C Model Removal 'soc_system:soc_inst|soc_system_hps_0:hps_0|soc_system_hps_0_hps_io:hps_io|soc_system_hps_0_hps_io_border:border|hps_sdram:hps_sdram_inst|hps_sdram_pll:pll|afi_clk_write_clk'
Slack : 0.497
TNS   : 0.000

Type  : Fast 1100mV 85C Model Removal 'FPGA_CLK2_50'
Slack : 1.466
TNS   : 0.000

Type  : Fast 1100mV 85C Model Minimum Pulse Width 'soc_system:soc_inst|soc_system_hps_0:hps_0|soc_system_hps_0_hps_io:hps_io|soc_system_hps_0_hps_io_border:border|hps_sdram:hps_sdram_inst|hps_sdram_pll:pll|pll_write_clk_dq_write_clk'
Slack : 0.883
TNS   : 0.000

Type  : Fast 1100mV 85C Model Minimum Pulse Width 'soc_system:soc_inst|soc_system_hps_0:hps_0|soc_system_hps_0_hps_io:hps_io|soc_system_hps_0_hps_io_border:border|hps_sdram:hps_sdram_inst|hps_sdram_pll:pll|afi_clk_write_clk'
Slack : 0.891
TNS   : 0.000

Type  : Fast 1100mV 85C Model Minimum Pulse Width 'FPGA_CLK1_50'
Slack : 8.482
TNS   : 0.000

Type  : Fast 1100mV 85C Model Minimum Pulse Width 'FPGA_CLK2_50'
Slack : 8.501
TNS   : 0.000

Type  : Fast 1100mV 85C Model Minimum Pulse Width 'hps_usb1_CLK'
Slack : 9.756
TNS   : 0.000

Type  : Fast 1100mV 85C Model Minimum Pulse Width 'hps_i2c0_SCL'
Slack : 499.336
TNS   : 0.000

Type  : Fast 1100mV 85C Model Minimum Pulse Width 'hps_i2c1_SCL'
Slack : 499.336
TNS   : 0.000

Type  : Fast 1100mV 0C Model Setup 'soc_system:soc_inst|soc_system_hps_0:hps_0|soc_system_hps_0_hps_io:hps_io|soc_system_hps_0_hps_io_border:border|hps_sdram:hps_sdram_inst|hps_sdram_pll:pll|afi_clk_write_clk'
Slack : 2.110
TNS   : 0.000

Type  : Fast 1100mV 0C Model Setup 'FPGA_CLK1_50'
Slack : 11.156
TNS   : 0.000

Type  : Fast 1100mV 0C Model Setup 'FPGA_CLK2_50'
Slack : 11.376
TNS   : 0.000

Type  : Fast 1100mV 0C Model Hold 'soc_system:soc_inst|soc_system_hps_0:hps_0|soc_system_hps_0_hps_io:hps_io|soc_system_hps_0_hps_io_border:border|hps_sdram:hps_sdram_inst|hps_sdram_pll:pll|afi_clk_write_clk'
Slack : 0.077
TNS   : 0.000

Type  : Fast 1100mV 0C Model Hold 'FPGA_CLK1_50'
Slack : 0.100
TNS   : 0.000

Type  : Fast 1100mV 0C Model Hold 'FPGA_CLK2_50'
Slack : 0.132
TNS   : 0.000

Type  : Fast 1100mV 0C Model Recovery 'soc_system:soc_inst|soc_system_hps_0:hps_0|soc_system_hps_0_hps_io:hps_io|soc_system_hps_0_hps_io_border:border|hps_sdram:hps_sdram_inst|hps_sdram_pll:pll|afi_clk_write_clk'
Slack : 3.825
TNS   : 0.000

Type  : Fast 1100mV 0C Model Recovery 'FPGA_CLK1_50'
Slack : 10.124
TNS   : 0.000

Type  : Fast 1100mV 0C Model Recovery 'FPGA_CLK2_50'
Slack : 15.582
TNS   : 0.000

Type  : Fast 1100mV 0C Model Removal 'FPGA_CLK1_50'
Slack : 0.259
TNS   : 0.000

Type  : Fast 1100mV 0C Model Removal 'soc_system:soc_inst|soc_system_hps_0:hps_0|soc_system_hps_0_hps_io:hps_io|soc_system_hps_0_hps_io_border:border|hps_sdram:hps_sdram_inst|hps_sdram_pll:pll|afi_clk_write_clk'
Slack : 0.473
TNS   : 0.000

Type  : Fast 1100mV 0C Model Removal 'FPGA_CLK2_50'
Slack : 1.110
TNS   : 0.000

Type  : Fast 1100mV 0C Model Minimum Pulse Width 'soc_system:soc_inst|soc_system_hps_0:hps_0|soc_system_hps_0_hps_io:hps_io|soc_system_hps_0_hps_io_border:border|hps_sdram:hps_sdram_inst|hps_sdram_pll:pll|pll_write_clk_dq_write_clk'
Slack : 0.887
TNS   : 0.000

Type  : Fast 1100mV 0C Model Minimum Pulse Width 'soc_system:soc_inst|soc_system_hps_0:hps_0|soc_system_hps_0_hps_io:hps_io|soc_system_hps_0_hps_io_border:border|hps_sdram:hps_sdram_inst|hps_sdram_pll:pll|afi_clk_write_clk'
Slack : 0.894
TNS   : 0.000

Type  : Fast 1100mV 0C Model Minimum Pulse Width 'FPGA_CLK1_50'
Slack : 8.435
TNS   : 0.000

Type  : Fast 1100mV 0C Model Minimum Pulse Width 'FPGA_CLK2_50'
Slack : 8.454
TNS   : 0.000

Type  : Fast 1100mV 0C Model Minimum Pulse Width 'hps_usb1_CLK'
Slack : 9.703
TNS   : 0.000

Type  : Fast 1100mV 0C Model Minimum Pulse Width 'hps_i2c0_SCL'
Slack : 499.286
TNS   : 0.000

Type  : Fast 1100mV 0C Model Minimum Pulse Width 'hps_i2c1_SCL'
Slack : 499.286
TNS   : 0.000

------------------------------------------------------------
Info: see the "DDR report" for DDR timing results
------------------------------------------------------------
------------------------------------------------------------
