ffff399c t .divsi3_skip_div0_test
ffff3994 T __aeabi_idiv
ffff3adc W __aeabi_idiv0
ffff3abc T __aeabi_idivmod
ffff3adc W __aeabi_ldiv0
ffff4694 B __auto_semihosting
ffff469c B __bss_end__
ffff4594 R __bss_start
ffff4594 R __bss_start__
ffff10ec T __call_exitprocs
ffff3994 T __divsi3
ffff00c8 t __do_global_dtors_aux
ffff458c t __do_global_dtors_aux_fini_array_entry
ffff3c30 D __dso_handle
ffff4590 r __EH_FRAME_BEGIN__
ffff469c B __end__
ffff1258 T __errno
ffff1268 t __fp_lock
ffff1560 T __fp_lock_all
ffff13d0 t __fp_unlock
ffff1584 T __fp_unlock_all
ffff4588 t __frame_dummy_init_array_entry
ffff4590 r __FRAME_END__
ffff02fc T __libc_fini_array
ffff0344 T __libc_init_array
ffff4178 D __malloc_av_
ffff4664 B __malloc_current_mallinfo
ffff2620 T __malloc_lock
ffff468c B __malloc_max_sbrked_mem
ffff4690 B __malloc_max_total_mem
ffff4580 D __malloc_sbrk_base
ffff4660 B __malloc_top_pad
ffff4584 D __malloc_trim_threshold
ffff2624 T __malloc_unlock
ffff100c T __register_exitproc
ffff2c04 T __sclose
ffff2b74 T __seofread
ffff2f08 T __sflush_r
ffff13d8 T __sfmoreglue
ffff1428 T __sfp
ffff1550 T __sfp_lock_acquire
ffff1554 T __sfp_lock_release
ffff15a8 T __sfvwrite_r
ffff1540 T __sinit
ffff1288 t __sinit.part.1
ffff1558 T __sinit_lock_acquire
ffff155c T __sinit_lock_release
ffff36a8 T __smakebuf_r
ffff2b40 T __sread
ffff2bd4 T __sseek
ffff3c3c D __stack_base__
ffff3608 T __swhatbuf_r
ffff2b7c T __swrite
ffff2c60 T __swsetup_r
ffff4590 T __TMC_END__
ffff469c B _bss_end__
ffff151c T _cleanup
ffff1270 T _cleanup_r
ffff0c4c T _close
ffff2db8 T _close_r
ffff4594 R _edata
ffff469c B _end
ffff3af8 T _etext
ffff0ca4 T _exit
ffff2df4 T _fclose_r
ffff3150 T _fflush_r
ffff3af8 T _fini
ffff32e4 T _free_r
ffff0d34 T _fstat
ffff3914 T _fstat_r
ffff1a68 T _fwalk
ffff1ae0 T _fwalk_reent
ffff0ccc T _getpid
ffff0e38 T _gettimeofday
ffff3b1c R _global_impure_ptr
ffff3d48 D _impure_ptr
ffff3ae0 T _init
ffff0ebc T _isatty
ffff3958 T _isatty_r
ffff0c6c T _kill
ffff0dd4 T _link
ffff0970 T _lseek
ffff35c0 T _lseek_r
ffff0140 T _mainCRTStartup
ffff1b60 T _malloc_r
ffff31e4 T _malloc_trim_r
ffff0ba4 T _open
ffff04e0 T _puts_r
ffff0e34 T _raise
ffff07ac W _read
ffff37a8 T _read_r
ffff2628 T _realloc_r
ffff3824 T _reclaim_reent
ffff0fa0 T _rename
ffff0cd4 W _sbrk
ffff2b04 T _sbrk_r
ffff8000 N _stack
ffff0140 T _start
ffff0d68 T _stat
ffff0bd8 T _swiclose
ffff0874 T _swilseek
ffff0aa0 T _swiopen
ffff0768 T _swiread
ffff0990 T _swiwrite
ffff0f0c T _system
ffff0e80 T _times
ffff0ddc T _unlink
ffff09d4 W _write
ffff2c18 T _write_r
ffff02a8 T atexit
ffff37f0 T cleanup_glue
ffff3c44 d CommandLine
ffff4594 b completed.8586
ffff0064 t deregister_tm_clones
ffff469c B end
ffff4698 B errno
ffff02c8 T exit
ffff2ef4 T fclose
ffff31ac T fflush
ffff010c t frame_dummy
ffff465c b heap_end.5559
ffff3c34 d HeapBase
ffff3c38 d HeapLimit
ffff3d50 d impure_data
ffff06b8 T initialise_monitor_handles
ffff0278 T main
ffff22c0 T memchr
ffff23d0 T memcpy
ffff24e0 T memmove
ffff03cc T memset
ffff45b8 b monitor_stderr
ffff45b0 b monitor_stdin
ffff45b4 b monitor_stdout
ffff4598 b object.8591
ffff45bc b openfiles
ffff058c T puts
ffff0090 t register_tm_clones
ffff0600 t remap_handle
ffff3c40 d StackLimit
ffff05a0 T strlen
ffff0684 t wrap.part.1
